07-06 18:00:05.157  7388  7411 I TestRunner: started: testNewsButtonWithTextIsDisplayed(com.nnaroju.newsapp.presentation.common.ButtonKtTest)
07-06 18:00:05.160  7388  7411 D IdlingRegistry: Registering idling resources: [androidx.compose.ui.test.junit4.EspressoLink@4590afa]
07-06 18:00:05.163  7388  7411 W Settings: Setting always_finish_activities has moved from android.provider.Settings.System to android.provider.Settings.Global, returning read-only value.
07-06 18:00:05.169   535   559 D EventSequenceValidator: inc AccIntentStartedEvents to 2
07-06 18:00:05.175   535  5638 W InputReader: Device virtio_input_multi_touch_10 is associated with display ADISPLAY_ID_NONE.
07-06 18:00:05.175   535  5638 W InputReader: Device virtio_input_multi_touch_6 is associated with display ADISPLAY_ID_NONE.
07-06 18:00:05.175   535  5638 W InputReader: Device virtio_input_multi_touch_3 is associated with display ADISPLAY_ID_NONE.
07-06 18:00:05.175   535  5638 W InputReader: Device virtio_input_multi_touch_4 is associated with display ADISPLAY_ID_NONE.
07-06 18:00:05.175   535  5638 W InputReader: Device virtio_input_multi_touch_8 is associated with display ADISPLAY_ID_NONE.
07-06 18:00:05.175   535  5638 W InputReader: Device virtio_input_multi_touch_11 is associated with display ADISPLAY_ID_NONE.
07-06 18:00:05.175   535  5638 W InputReader: Device virtio_input_multi_touch_5 is associated with display ADISPLAY_ID_NONE.
07-06 18:00:05.175   535  5638 W InputReader: Device virtio_input_multi_touch_2 is associated with display ADISPLAY_ID_NONE.
07-06 18:00:05.175   535  5638 W InputReader: Device virtio_input_multi_touch_9 is associated with display ADISPLAY_ID_NONE.
07-06 18:00:05.175   535  5638 W InputReader: Device virtio_input_multi_touch_7 is associated with display ADISPLAY_ID_NONE.
07-06 18:00:05.175   535  5638 W InputReader: Device virtio_input_multi_touch_10 is associated with display ADISPLAY_ID_NONE.
07-06 18:00:05.175   535  5638 W InputReader: Device virtio_input_multi_touch_6 is associated with display ADISPLAY_ID_NONE.
07-06 18:00:05.175   535  5638 W InputReader: Device virtio_input_multi_touch_3 is associated with display ADISPLAY_ID_NONE.
07-06 18:00:05.175   535  5638 W InputReader: Device virtio_input_multi_touch_4 is associated with display ADISPLAY_ID_NONE.
07-06 18:00:05.175   535  5638 W InputReader: Device virtio_input_multi_touch_8 is associated with display ADISPLAY_ID_NONE.
07-06 18:00:05.175   535  5638 W InputReader: Device virtio_input_multi_touch_11 is associated with display ADISPLAY_ID_NONE.
07-06 18:00:05.175   535  5638 W InputReader: Device virtio_input_multi_touch_5 is associated with display ADISPLAY_ID_NONE.
07-06 18:00:05.175   535  5638 W InputReader: Device virtio_input_multi_touch_2 is associated with display ADISPLAY_ID_NONE.
07-06 18:00:05.175   535  5638 W InputReader: Device virtio_input_multi_touch_9 is associated with display ADISPLAY_ID_NONE.
07-06 18:00:05.175   535  5638 W InputReader: Device virtio_input_multi_touch_7 is associated with display ADISPLAY_ID_NONE.
07-06 18:00:05.186   313   357 D goldfish-address-space: claimShared: Ask to claim region [0x3f6de4000 0x3f77c8000]
07-06 18:00:05.189  7388  7388 D LifecycleMonitor: Lifecycle status change: androidx.test.core.app.InstrumentationActivityInvoker$BootstrapActivity@7328487 in: PRE_ON_CREATE
07-06 18:00:05.189  7388  7388 V ActivityScenario: Activity lifecycle changed event received but ignored because the intent does not match. startActivityIntent=Intent { act=android.intent.action.MAIN cat=[android.intent.category.LAUNCHER] cmp=com.nnaroju.newsapp/androidx.activity.ComponentActivity }, activity.getIntent()=Intent { act=android.intent.action.MAIN cat=[android.intent.category.LAUNCHER] flg=0x10008000 cmp=com.nnaroju.newsapp/androidx.test.core.app.InstrumentationActivityInvoker$BootstrapActivity (has extras) }, activity=androidx.test.core.app.InstrumentationActivityInvoker$BootstrapActivity@7328487
07-06 18:00:05.194  7388  7388 D LifecycleMonitor: Lifecycle status change: androidx.test.core.app.InstrumentationActivityInvoker$BootstrapActivity@7328487 in: CREATED
07-06 18:00:05.194  7388  7388 V ActivityScenario: Activity lifecycle changed event received but ignored because the intent does not match. startActivityIntent=Intent { act=android.intent.action.MAIN cat=[android.intent.category.LAUNCHER] cmp=com.nnaroju.newsapp/androidx.activity.ComponentActivity }, activity.getIntent()=Intent { act=android.intent.action.MAIN cat=[android.intent.category.LAUNCHER] flg=0x10008000 cmp=com.nnaroju.newsapp/androidx.test.core.app.InstrumentationActivityInvoker$BootstrapActivity (has extras) }, activity=androidx.test.core.app.InstrumentationActivityInvoker$BootstrapActivity@7328487
07-06 18:00:05.196  7388  7388 D LifecycleMonitor: Lifecycle status change: androidx.test.core.app.InstrumentationActivityInvoker$BootstrapActivity@7328487 in: STARTED
07-06 18:00:05.196  7388  7388 V ActivityScenario: Activity lifecycle changed event received but ignored because the intent does not match. startActivityIntent=Intent { act=android.intent.action.MAIN cat=[android.intent.category.LAUNCHER] cmp=com.nnaroju.newsapp/androidx.activity.ComponentActivity }, activity.getIntent()=Intent { act=android.intent.action.MAIN cat=[android.intent.category.LAUNCHER] flg=0x10008000 cmp=com.nnaroju.newsapp/androidx.test.core.app.InstrumentationActivityInvoker$BootstrapActivity (has extras) }, activity=androidx.test.core.app.InstrumentationActivityInvoker$BootstrapActivity@7328487
07-06 18:00:05.204  7388  7388 D LifecycleMonitor: Lifecycle status change: androidx.test.core.app.InstrumentationActivityInvoker$BootstrapActivity@7328487 in: RESUMED
07-06 18:00:05.205  7388  7388 V ActivityScenario: Activity lifecycle changed event received but ignored because the intent does not match. startActivityIntent=Intent { act=android.intent.action.MAIN cat=[android.intent.category.LAUNCHER] cmp=com.nnaroju.newsapp/androidx.activity.ComponentActivity }, activity.getIntent()=Intent { act=android.intent.action.MAIN cat=[android.intent.category.LAUNCHER] flg=0x10008000 cmp=com.nnaroju.newsapp/androidx.test.core.app.InstrumentationActivityInvoker$BootstrapActivity (has extras) }, activity=androidx.test.core.app.InstrumentationActivityInvoker$BootstrapActivity@7328487
07-06 18:00:05.206  7388  7388 D LifecycleMonitor: Lifecycle status change: androidx.test.core.app.InstrumentationActivityInvoker$BootstrapActivity@7328487 in: PAUSED
07-06 18:00:05.206  7388  7388 V ActivityScenario: Activity lifecycle changed event received but ignored because the intent does not match. startActivityIntent=Intent { act=android.intent.action.MAIN cat=[android.intent.category.LAUNCHER] cmp=com.nnaroju.newsapp/androidx.activity.ComponentActivity }, activity.getIntent()=Intent { act=android.intent.action.MAIN cat=[android.intent.category.LAUNCHER] flg=0x10008000 cmp=com.nnaroju.newsapp/androidx.test.core.app.InstrumentationActivityInvoker$BootstrapActivity (has extras) }, activity=androidx.test.core.app.InstrumentationActivityInvoker$BootstrapActivity@7328487
07-06 18:00:05.207   535  3575 W InputReader: Device virtio_input_multi_touch_10 is associated with display ADISPLAY_ID_NONE.
07-06 18:00:05.208   535  3575 W InputReader: Device virtio_input_multi_touch_6 is associated with display ADISPLAY_ID_NONE.
07-06 18:00:05.208   535  3575 W InputReader: Device virtio_input_multi_touch_3 is associated with display ADISPLAY_ID_NONE.
07-06 18:00:05.208   535  3575 W InputReader: Device virtio_input_multi_touch_4 is associated with display ADISPLAY_ID_NONE.
07-06 18:00:05.208   535  3575 W InputReader: Device virtio_input_multi_touch_8 is associated with display ADISPLAY_ID_NONE.
07-06 18:00:05.208   535  3575 W InputReader: Device virtio_input_multi_touch_11 is associated with display ADISPLAY_ID_NONE.
07-06 18:00:05.208   535  3575 W InputReader: Device virtio_input_multi_touch_5 is associated with display ADISPLAY_ID_NONE.
07-06 18:00:05.208   535  3575 W InputReader: Device virtio_input_multi_touch_2 is associated with display ADISPLAY_ID_NONE.
07-06 18:00:05.208   535  3575 W InputReader: Device virtio_input_multi_touch_9 is associated with display ADISPLAY_ID_NONE.
07-06 18:00:05.208   535  3575 W InputReader: Device virtio_input_multi_touch_7 is associated with display ADISPLAY_ID_NONE.
07-06 18:00:05.208   535  3575 W InputReader: Device virtio_input_multi_touch_10 is associated with display ADISPLAY_ID_NONE.
07-06 18:00:05.208   535  3575 W InputReader: Device virtio_input_multi_touch_6 is associated with display ADISPLAY_ID_NONE.
07-06 18:00:05.208   535  3575 W InputReader: Device virtio_input_multi_touch_3 is associated with display ADISPLAY_ID_NONE.
07-06 18:00:05.208   535  3575 W InputReader: Device virtio_input_multi_touch_4 is associated with display ADISPLAY_ID_NONE.
07-06 18:00:05.208   535  3575 W InputReader: Device virtio_input_multi_touch_8 is associated with display ADISPLAY_ID_NONE.
07-06 18:00:05.208   535  3575 W InputReader: Device virtio_input_multi_touch_11 is associated with display ADISPLAY_ID_NONE.
07-06 18:00:05.208   535  3575 W InputReader: Device virtio_input_multi_touch_5 is associated with display ADISPLAY_ID_NONE.
07-06 18:00:05.208   535  3575 W InputReader: Device virtio_input_multi_touch_2 is associated with display ADISPLAY_ID_NONE.
07-06 18:00:05.208   535  3575 W InputReader: Device virtio_input_multi_touch_9 is associated with display ADISPLAY_ID_NONE.
07-06 18:00:05.208   535  3575 W InputReader: Device virtio_input_multi_touch_7 is associated with display ADISPLAY_ID_NONE.
07-06 18:00:05.212  7388  7388 D LifecycleMonitor: Lifecycle status change: androidx.activity.ComponentActivity@f50f595 in: PRE_ON_CREATE
07-06 18:00:05.212  7388  7388 V ActivityScenario: Activity lifecycle changed event received but ignored because the reported transition was not ON_CREATE while the last known transition was PRE_ON_CREATE
07-06 18:00:05.220  7388  7388 D LifecycleMonitor: Lifecycle status change: androidx.activity.ComponentActivity@f50f595 in: CREATED
07-06 18:00:05.220  7388  7388 V ActivityScenario: Update currentActivityStage to CREATED, currentActivity=androidx.activity.ComponentActivity@f50f595
07-06 18:00:05.222  7388  7388 D LifecycleMonitor: Lifecycle status change: androidx.activity.ComponentActivity@f50f595 in: STARTED
07-06 18:00:05.222  7388  7388 V ActivityScenario: Update currentActivityStage to STARTED, currentActivity=androidx.activity.ComponentActivity@f50f595
07-06 18:00:05.223  7388  7388 D LifecycleMonitor: Lifecycle status change: androidx.activity.ComponentActivity@f50f595 in: RESUMED
07-06 18:00:05.223  7388  7388 V ActivityScenario: Update currentActivityStage to RESUMED, currentActivity=androidx.activity.ComponentActivity@f50f595
07-06 18:00:05.230   313   357 D goldfish-address-space: claimShared: Ask to claim region [0x3f5038000 0x3f5a1c000]
07-06 18:00:05.241   313   357 D goldfish-address-space: claimShared: Ask to claim region [0x3f5a1c000 0x3f6400000]
07-06 18:00:05.257   313   357 D goldfish-address-space: claimShared: Ask to claim region [0x3f9ef7000 0x3fa8db000]
07-06 18:00:05.258   313   357 D goldfish-address-space: claimShared: Ask to claim region [0x3f8000000 0x3f89e4000]
07-06 18:00:05.261   535   564 D ArtManagerInternalImpl: /data/misc/iorapd/com.nnaroju.newsapp/1/androidx.activity.ComponentActivity/compiled_traces/compiled_trace.pb doesn't exist
07-06 18:00:05.261   535   559 D EventSequenceValidator: dec AccIntentStartedEvents to 1
07-06 18:00:05.262   535   564 I ActivityTaskManager: Displayed com.nnaroju.newsapp/androidx.activity.ComponentActivity: +91ms
07-06 18:00:05.280  1435  7481 I PBSessionCacheImpl: Deleted sessionId[6312917008887016] from persistence.
07-06 18:00:05.283  1435  2179 W SearchServiceCore: Abort, client detached.
07-06 18:00:05.296  7388  7388 D LifecycleMonitor: Lifecycle status change: androidx.test.core.app.InstrumentationActivityInvoker$BootstrapActivity@7328487 in: STOPPED
07-06 18:00:05.297  7388  7388 V ActivityScenario: Activity lifecycle changed event received but ignored because the intent does not match. startActivityIntent=Intent { act=android.intent.action.MAIN cat=[android.intent.category.LAUNCHER] cmp=com.nnaroju.newsapp/androidx.activity.ComponentActivity }, activity.getIntent()=Intent { act=android.intent.action.MAIN cat=[android.intent.category.LAUNCHER] flg=0x10008000 cmp=com.nnaroju.newsapp/androidx.test.core.app.InstrumentationActivityInvoker$BootstrapActivity (has extras) }, activity=androidx.test.core.app.InstrumentationActivityInvoker$BootstrapActivity@7328487
07-06 18:00:05.337   535   559 D EventSequenceValidator: inc AccIntentStartedEvents to 2
07-06 18:00:05.339   408   408 E perfetto: ing_service_impl.cc:605 Too many concurrent tracing sesions (5) for uid 1071 limit is 5
07-06 18:00:05.339   417  5072 E perfetto: r_api_deprecated.cc:216 Tracing session failed
07-06 18:00:05.340   535   559 D EventSequenceValidator: dec AccIntentStartedEvents to 1
07-06 18:00:05.341  7388  7388 D LifecycleMonitor: Lifecycle status change: androidx.activity.ComponentActivity@f50f595 in: PAUSED
07-06 18:00:05.342  7388  7388 V ActivityScenario: Update currentActivityStage to PAUSED, currentActivity=androidx.activity.ComponentActivity@f50f595
07-06 18:00:05.342   535  5115 W InputReader: Device virtio_input_multi_touch_10 is associated with display ADISPLAY_ID_NONE.
07-06 18:00:05.342   535  5115 W InputReader: Device virtio_input_multi_touch_6 is associated with display ADISPLAY_ID_NONE.
07-06 18:00:05.342   535  5115 W InputReader: Device virtio_input_multi_touch_3 is associated with display ADISPLAY_ID_NONE.
07-06 18:00:05.342   535  5115 W InputReader: Device virtio_input_multi_touch_4 is associated with display ADISPLAY_ID_NONE.
07-06 18:00:05.342   535  5115 W InputReader: Device virtio_input_multi_touch_8 is associated with display ADISPLAY_ID_NONE.
07-06 18:00:05.342   535  5115 W InputReader: Device virtio_input_multi_touch_11 is associated with display ADISPLAY_ID_NONE.
07-06 18:00:05.342   535  5115 W InputReader: Device virtio_input_multi_touch_5 is associated with display ADISPLAY_ID_NONE.
07-06 18:00:05.342   535  5115 W InputReader: Device virtio_input_multi_touch_2 is associated with display ADISPLAY_ID_NONE.
07-06 18:00:05.342   535  5115 W InputReader: Device virtio_input_multi_touch_9 is associated with display ADISPLAY_ID_NONE.
07-06 18:00:05.342   535  5115 W InputReader: Device virtio_input_multi_touch_7 is associated with display ADISPLAY_ID_NONE.
07-06 18:00:05.343   535  5115 W InputReader: Device virtio_input_multi_touch_10 is associated with display ADISPLAY_ID_NONE.
07-06 18:00:05.343   535  5115 W InputReader: Device virtio_input_multi_touch_6 is associated with display ADISPLAY_ID_NONE.
07-06 18:00:05.343   535  5115 W InputReader: Device virtio_input_multi_touch_3 is associated with display ADISPLAY_ID_NONE.
07-06 18:00:05.343   535  5115 W InputReader: Device virtio_input_multi_touch_4 is associated with display ADISPLAY_ID_NONE.
07-06 18:00:05.343   535  5115 W InputReader: Device virtio_input_multi_touch_8 is associated with display ADISPLAY_ID_NONE.
07-06 18:00:05.343   535  5115 W InputReader: Device virtio_input_multi_touch_11 is associated with display ADISPLAY_ID_NONE.
07-06 18:00:05.343   535  5115 W InputReader: Device virtio_input_multi_touch_5 is associated with display ADISPLAY_ID_NONE.
07-06 18:00:05.343   535  5115 W InputReader: Device virtio_input_multi_touch_2 is associated with display ADISPLAY_ID_NONE.
07-06 18:00:05.343   535  5115 W InputReader: Device virtio_input_multi_touch_9 is associated with display ADISPLAY_ID_NONE.
07-06 18:00:05.343   535  5115 W InputReader: Device virtio_input_multi_touch_7 is associated with display ADISPLAY_ID_NONE.
07-06 18:00:05.350  7388  7388 D LifecycleMonitor: Lifecycle status change: androidx.test.core.app.InstrumentationActivityInvoker$EmptyActivity@69afbd1 in: PRE_ON_CREATE
07-06 18:00:05.350  7388  7388 V ActivityScenario: Activity lifecycle changed event received but ignored because the intent does not match. startActivityIntent=Intent { act=android.intent.action.MAIN cat=[android.intent.category.LAUNCHER] cmp=com.nnaroju.newsapp/androidx.activity.ComponentActivity }, activity.getIntent()=Intent { act=android.intent.action.MAIN cat=[android.intent.category.LAUNCHER] flg=0x10000000 cmp=com.nnaroju.newsapp/androidx.test.core.app.InstrumentationActivityInvoker$EmptyActivity }, activity=androidx.test.core.app.InstrumentationActivityInvoker$EmptyActivity@69afbd1
07-06 18:00:05.355  7388  7388 D LifecycleMonitor: Lifecycle status change: androidx.test.core.app.InstrumentationActivityInvoker$EmptyActivity@69afbd1 in: CREATED
07-06 18:00:05.355  7388  7388 V ActivityScenario: Activity lifecycle changed event received but ignored because the intent does not match. startActivityIntent=Intent { act=android.intent.action.MAIN cat=[android.intent.category.LAUNCHER] cmp=com.nnaroju.newsapp/androidx.activity.ComponentActivity }, activity.getIntent()=Intent { act=android.intent.action.MAIN cat=[android.intent.category.LAUNCHER] flg=0x10000000 cmp=com.nnaroju.newsapp/androidx.test.core.app.InstrumentationActivityInvoker$EmptyActivity }, activity=androidx.test.core.app.InstrumentationActivityInvoker$EmptyActivity@69afbd1
07-06 18:00:05.356  7388  7388 D LifecycleMonitor: Lifecycle status change: androidx.test.core.app.InstrumentationActivityInvoker$EmptyActivity@69afbd1 in: STARTED
07-06 18:00:05.356  7388  7388 V ActivityScenario: Activity lifecycle changed event received but ignored because the intent does not match. startActivityIntent=Intent { act=android.intent.action.MAIN cat=[android.intent.category.LAUNCHER] cmp=com.nnaroju.newsapp/androidx.activity.ComponentActivity }, activity.getIntent()=Intent { act=android.intent.action.MAIN cat=[android.intent.category.LAUNCHER] flg=0x10000000 cmp=com.nnaroju.newsapp/androidx.test.core.app.InstrumentationActivityInvoker$EmptyActivity }, activity=androidx.test.core.app.InstrumentationActivityInvoker$EmptyActivity@69afbd1
07-06 18:00:05.357  7388  7388 D LifecycleMonitor: Lifecycle status change: androidx.test.core.app.InstrumentationActivityInvoker$EmptyActivity@69afbd1 in: RESUMED
07-06 18:00:05.357  7388  7388 V ActivityScenario: Activity lifecycle changed event received but ignored because the intent does not match. startActivityIntent=Intent { act=android.intent.action.MAIN cat=[android.intent.category.LAUNCHER] cmp=com.nnaroju.newsapp/androidx.activity.ComponentActivity }, activity.getIntent()=Intent { act=android.intent.action.MAIN cat=[android.intent.category.LAUNCHER] flg=0x10000000 cmp=com.nnaroju.newsapp/androidx.test.core.app.InstrumentationActivityInvoker$EmptyActivity }, activity=androidx.test.core.app.InstrumentationActivityInvoker$EmptyActivity@69afbd1
07-06 18:00:05.373   313   357 D goldfish-address-space: claimShared: Ask to claim region [0x3f4000000 0x3f49e4000]
07-06 18:00:05.376   313   357 D goldfish-address-space: claimShared: Ask to claim region [0x3f89e4000 0x3f93c8000]
07-06 18:00:05.379   313   357 D goldfish-address-space: claimShared: Ask to claim region [0x3ff3ed000 0x3ffdd1000]
07-06 18:00:05.387   535   564 I ActivityTaskManager: Displayed com.nnaroju.newsapp/androidx.test.core.app.InstrumentationActivityInvoker$EmptyActivity: +48ms
07-06 18:00:05.391   535   559 D EventSequenceValidator: inc AccIntentStartedEvents to 2
07-06 18:00:05.392  7388  7388 D LifecycleMonitor: Lifecycle status change: androidx.activity.ComponentActivity@f50f595 in: STOPPED
07-06 18:00:05.392  7388  7388 V ActivityScenario: Update currentActivityStage to STOPPED, currentActivity=androidx.activity.ComponentActivity@f50f595
07-06 18:00:05.394   408   408 E perfetto: ing_service_impl.cc:605 Too many concurrent tracing sesions (5) for uid 1071 limit is 5
07-06 18:00:05.394   417  5072 E perfetto: r_api_deprecated.cc:216 Tracing session failed
07-06 18:00:05.394  7388  7388 D LifecycleMonitor: Lifecycle status change: androidx.activity.ComponentActivity@f50f595 in: DESTROYED
07-06 18:00:05.394  7388  7388 V ActivityScenario: Update currentActivityStage to DESTROYED, currentActivity=null
07-06 18:00:05.403   535   559 D EventSequenceValidator: dec AccIntentStartedEvents to 1
07-06 18:00:05.406  7388  7388 D LifecycleMonitor: Lifecycle status change: androidx.test.core.app.InstrumentationActivityInvoker$EmptyActivity@69afbd1 in: PAUSED
07-06 18:00:05.406  7388  7388 V ActivityScenario: Activity lifecycle changed event received but ignored because the intent does not match. startActivityIntent=Intent { act=android.intent.action.MAIN cat=[android.intent.category.LAUNCHER] cmp=com.nnaroju.newsapp/androidx.activity.ComponentActivity }, activity.getIntent()=Intent { act=android.intent.action.MAIN cat=[android.intent.category.LAUNCHER] flg=0x10000000 cmp=com.nnaroju.newsapp/androidx.test.core.app.InstrumentationActivityInvoker$EmptyActivity }, activity=androidx.test.core.app.InstrumentationActivityInvoker$EmptyActivity@69afbd1
07-06 18:00:05.407   535  3575 W InputReader: Device virtio_input_multi_touch_10 is associated with display ADISPLAY_ID_NONE.
07-06 18:00:05.407   535  3575 W InputReader: Device virtio_input_multi_touch_6 is associated with display ADISPLAY_ID_NONE.
07-06 18:00:05.407   535  3575 W InputReader: Device virtio_input_multi_touch_3 is associated with display ADISPLAY_ID_NONE.
07-06 18:00:05.407   535  3575 W InputReader: Device virtio_input_multi_touch_4 is associated with display ADISPLAY_ID_NONE.
07-06 18:00:05.407   535  3575 W InputReader: Device virtio_input_multi_touch_8 is associated with display ADISPLAY_ID_NONE.
07-06 18:00:05.407   535  3575 W InputReader: Device virtio_input_multi_touch_11 is associated with display ADISPLAY_ID_NONE.
07-06 18:00:05.407   535  3575 W InputReader: Device virtio_input_multi_touch_5 is associated with display ADISPLAY_ID_NONE.
07-06 18:00:05.407   535  3575 W InputReader: Device virtio_input_multi_touch_2 is associated with display ADISPLAY_ID_NONE.
07-06 18:00:05.407   535  3575 W InputReader: Device virtio_input_multi_touch_9 is associated with display ADISPLAY_ID_NONE.
07-06 18:00:05.407   535  3575 W InputReader: Device virtio_input_multi_touch_7 is associated with display ADISPLAY_ID_NONE.
07-06 18:00:05.407   535  3575 W InputReader: Device virtio_input_multi_touch_10 is associated with display ADISPLAY_ID_NONE.
07-06 18:00:05.407   535  3575 W InputReader: Device virtio_input_multi_touch_6 is associated with display ADISPLAY_ID_NONE.
07-06 18:00:05.407   535  3575 W InputReader: Device virtio_input_multi_touch_3 is associated with display ADISPLAY_ID_NONE.
07-06 18:00:05.407   535  3575 W InputReader: Device virtio_input_multi_touch_4 is associated with display ADISPLAY_ID_NONE.
07-06 18:00:05.407   535  3575 W InputReader: Device virtio_input_multi_touch_8 is associated with display ADISPLAY_ID_NONE.
07-06 18:00:05.407   535  3575 W InputReader: Device virtio_input_multi_touch_11 is associated with display ADISPLAY_ID_NONE.
07-06 18:00:05.407   535  3575 W InputReader: Device virtio_input_multi_touch_5 is associated with display ADISPLAY_ID_NONE.
07-06 18:00:05.407   535  3575 W InputReader: Device virtio_input_multi_touch_2 is associated with display ADISPLAY_ID_NONE.
07-06 18:00:05.407   535  3575 W InputReader: Device virtio_input_multi_touch_9 is associated with display ADISPLAY_ID_NONE.
07-06 18:00:05.407   535  3575 W InputReader: Device virtio_input_multi_touch_7 is associated with display ADISPLAY_ID_NONE.
07-06 18:00:05.410  7388  7388 D LifecycleMonitor: Lifecycle status change: androidx.test.core.app.InstrumentationActivityInvoker$BootstrapActivity@7328487 in: DESTROYED
07-06 18:00:05.410  7388  7388 V ActivityScenario: Activity lifecycle changed event received but ignored because the intent does not match. startActivityIntent=Intent { act=android.intent.action.MAIN cat=[android.intent.category.LAUNCHER] cmp=com.nnaroju.newsapp/androidx.activity.ComponentActivity }, activity.getIntent()=Intent { act=android.intent.action.MAIN cat=[android.intent.category.LAUNCHER] flg=0x10008000 cmp=com.nnaroju.newsapp/androidx.test.core.app.InstrumentationActivityInvoker$BootstrapActivity (has extras) }, activity=androidx.test.core.app.InstrumentationActivityInvoker$BootstrapActivity@7328487
07-06 18:00:05.417  7388  7388 D LifecycleMonitor: Lifecycle status change: androidx.test.core.app.InstrumentationActivityInvoker$EmptyActivity@f3127c5 in: PRE_ON_CREATE
07-06 18:00:05.417  7388  7388 V ActivityScenario: Activity lifecycle changed event received but ignored because the intent does not match. startActivityIntent=Intent { act=android.intent.action.MAIN cat=[android.intent.category.LAUNCHER] cmp=com.nnaroju.newsapp/androidx.activity.ComponentActivity }, activity.getIntent()=Intent { act=android.intent.action.MAIN cat=[android.intent.category.LAUNCHER] flg=0x10000000 cmp=com.nnaroju.newsapp/androidx.test.core.app.InstrumentationActivityInvoker$EmptyActivity }, activity=androidx.test.core.app.InstrumentationActivityInvoker$EmptyActivity@f3127c5
07-06 18:00:05.422  7388  7388 D LifecycleMonitor: Lifecycle status change: androidx.test.core.app.InstrumentationActivityInvoker$EmptyActivity@f3127c5 in: CREATED
07-06 18:00:05.423  7388  7388 V ActivityScenario: Activity lifecycle changed event received but ignored because the intent does not match. startActivityIntent=Intent { act=android.intent.action.MAIN cat=[android.intent.category.LAUNCHER] cmp=com.nnaroju.newsapp/androidx.activity.ComponentActivity }, activity.getIntent()=Intent { act=android.intent.action.MAIN cat=[android.intent.category.LAUNCHER] flg=0x10000000 cmp=com.nnaroju.newsapp/androidx.test.core.app.InstrumentationActivityInvoker$EmptyActivity }, activity=androidx.test.core.app.InstrumentationActivityInvoker$EmptyActivity@f3127c5
07-06 18:00:05.424  7388  7388 D LifecycleMonitor: Lifecycle status change: androidx.test.core.app.InstrumentationActivityInvoker$EmptyActivity@f3127c5 in: STARTED
07-06 18:00:05.424  7388  7388 V ActivityScenario: Activity lifecycle changed event received but ignored because the intent does not match. startActivityIntent=Intent { act=android.intent.action.MAIN cat=[android.intent.category.LAUNCHER] cmp=com.nnaroju.newsapp/androidx.activity.ComponentActivity }, activity.getIntent()=Intent { act=android.intent.action.MAIN cat=[android.intent.category.LAUNCHER] flg=0x10000000 cmp=com.nnaroju.newsapp/androidx.test.core.app.InstrumentationActivityInvoker$EmptyActivity }, activity=androidx.test.core.app.InstrumentationActivityInvoker$EmptyActivity@f3127c5
07-06 18:00:05.425  7388  7388 D LifecycleMonitor: Lifecycle status change: androidx.test.core.app.InstrumentationActivityInvoker$EmptyActivity@f3127c5 in: RESUMED
07-06 18:00:05.425  7388  7388 V ActivityScenario: Activity lifecycle changed event received but ignored because the intent does not match. startActivityIntent=Intent { act=android.intent.action.MAIN cat=[android.intent.category.LAUNCHER] cmp=com.nnaroju.newsapp/androidx.activity.ComponentActivity }, activity.getIntent()=Intent { act=android.intent.action.MAIN cat=[android.intent.category.LAUNCHER] flg=0x10000000 cmp=com.nnaroju.newsapp/androidx.test.core.app.InstrumentationActivityInvoker$EmptyActivity }, activity=androidx.test.core.app.InstrumentationActivityInvoker$EmptyActivity@f3127c5
07-06 18:00:05.442   313   357 D goldfish-address-space: claimShared: Ask to claim region [0x3f6de4000 0x3f77c8000]
07-06 18:00:05.443   397   397 I perfetto: probes_producer.cc:329  Producer stop (id=43)
07-06 18:00:05.444   408   408 I perfetto: ng_service_impl.cc:1948 Tracing session 43 ended, total sessions:4
07-06 18:00:05.448   313   357 D goldfish-address-space: claimShared: Ask to claim region [0x3f5a1c000 0x3f6400000]
07-06 18:00:05.449   313   357 D goldfish-address-space: claimShared: Ask to claim region [0x3f8000000 0x3f89e4000]
07-06 18:00:05.455   535   564 I ActivityTaskManager: Displayed com.nnaroju.newsapp/androidx.test.core.app.InstrumentationActivityInvoker$EmptyActivity: +63ms
07-06 18:00:05.462   313   357 D goldfish-address-space: claimShared: Ask to claim region [0x3f9ef7000 0x3fa54b000]
07-06 18:00:05.476  7388  7388 D LifecycleMonitor: Lifecycle status change: androidx.test.core.app.InstrumentationActivityInvoker$EmptyActivity@69afbd1 in: STOPPED
07-06 18:00:05.476  7388  7388 V ActivityScenario: Activity lifecycle changed event received but ignored because the intent does not match. startActivityIntent=Intent { act=android.intent.action.MAIN cat=[android.intent.category.LAUNCHER] cmp=com.nnaroju.newsapp/androidx.activity.ComponentActivity }, activity.getIntent()=Intent { act=android.intent.action.MAIN cat=[android.intent.category.LAUNCHER] flg=0x10000000 cmp=com.nnaroju.newsapp/androidx.test.core.app.InstrumentationActivityInvoker$EmptyActivity }, activity=androidx.test.core.app.InstrumentationActivityInvoker$EmptyActivity@69afbd1
07-06 18:00:05.477  7388  7388 D LifecycleMonitor: Lifecycle status change: androidx.test.core.app.InstrumentationActivityInvoker$EmptyActivity@69afbd1 in: DESTROYED
07-06 18:00:05.477  7388  7388 V ActivityScenario: Activity lifecycle changed event received but ignored because the intent does not match. startActivityIntent=Intent { act=android.intent.action.MAIN cat=[android.intent.category.LAUNCHER] cmp=com.nnaroju.newsapp/androidx.activity.ComponentActivity }, activity.getIntent()=Intent { act=android.intent.action.MAIN cat=[android.intent.category.LAUNCHER] flg=0x10000000 cmp=com.nnaroju.newsapp/androidx.test.core.app.InstrumentationActivityInvoker$EmptyActivity }, activity=androidx.test.core.app.InstrumentationActivityInvoker$EmptyActivity@69afbd1
07-06 18:00:05.483  7388  7388 D LifecycleMonitor: Lifecycle status change: androidx.test.core.app.InstrumentationActivityInvoker$EmptyActivity@f3127c5 in: PAUSED
07-06 18:00:05.484  7388  7388 V ActivityScenario: Activity lifecycle changed event received but ignored because the intent does not match. startActivityIntent=Intent { act=android.intent.action.MAIN cat=[android.intent.category.LAUNCHER] cmp=com.nnaroju.newsapp/androidx.activity.ComponentActivity }, activity.getIntent()=Intent { act=android.intent.action.MAIN cat=[android.intent.category.LAUNCHER] flg=0x10000000 cmp=com.nnaroju.newsapp/androidx.test.core.app.InstrumentationActivityInvoker$EmptyActivity }, activity=androidx.test.core.app.InstrumentationActivityInvoker$EmptyActivity@f3127c5
07-06 18:00:05.485   535  3575 W InputReader: Device virtio_input_multi_touch_10 is associated with display ADISPLAY_ID_NONE.
07-06 18:00:05.485   535  3575 W InputReader: Device virtio_input_multi_touch_6 is associated with display ADISPLAY_ID_NONE.
07-06 18:00:05.485   535  3575 W InputReader: Device virtio_input_multi_touch_3 is associated with display ADISPLAY_ID_NONE.
07-06 18:00:05.485   535  3575 W InputReader: Device virtio_input_multi_touch_4 is associated with display ADISPLAY_ID_NONE.
07-06 18:00:05.485   535  3575 W InputReader: Device virtio_input_multi_touch_8 is associated with display ADISPLAY_ID_NONE.
07-06 18:00:05.485   535  3575 W InputReader: Device virtio_input_multi_touch_11 is associated with display ADISPLAY_ID_NONE.
07-06 18:00:05.485   535  3575 W InputReader: Device virtio_input_multi_touch_5 is associated with display ADISPLAY_ID_NONE.
07-06 18:00:05.485   535  3575 W InputReader: Device virtio_input_multi_touch_2 is associated with display ADISPLAY_ID_NONE.
07-06 18:00:05.485   535  3575 W InputReader: Device virtio_input_multi_touch_9 is associated with display ADISPLAY_ID_NONE.
07-06 18:00:05.485   535  3575 W InputReader: Device virtio_input_multi_touch_7 is associated with display ADISPLAY_ID_NONE.
07-06 18:00:05.485   535  3575 W InputReader: Device virtio_input_multi_touch_10 is associated with display ADISPLAY_ID_NONE.
07-06 18:00:05.485   535  3575 W InputReader: Device virtio_input_multi_touch_6 is associated with display ADISPLAY_ID_NONE.
07-06 18:00:05.485   535  3575 W InputReader: Device virtio_input_multi_touch_3 is associated with display ADISPLAY_ID_NONE.
07-06 18:00:05.485   535  3575 W InputReader: Device virtio_input_multi_touch_4 is associated with display ADISPLAY_ID_NONE.
07-06 18:00:05.485   535  3575 W InputReader: Device virtio_input_multi_touch_8 is associated with display ADISPLAY_ID_NONE.
07-06 18:00:05.485   535  3575 W InputReader: Device virtio_input_multi_touch_11 is associated with display ADISPLAY_ID_NONE.
07-06 18:00:05.485   535  3575 W InputReader: Device virtio_input_multi_touch_5 is associated with display ADISPLAY_ID_NONE.
07-06 18:00:05.485   535  3575 W InputReader: Device virtio_input_multi_touch_2 is associated with display ADISPLAY_ID_NONE.
07-06 18:00:05.485   535  3575 W InputReader: Device virtio_input_multi_touch_9 is associated with display ADISPLAY_ID_NONE.
07-06 18:00:05.485   535  3575 W InputReader: Device virtio_input_multi_touch_7 is associated with display ADISPLAY_ID_NONE.
07-06 18:00:05.489  1086  1105 W System  : A resource failed to call release.
07-06 18:00:05.489  1086  1105 I chatty  : uid=10156(com.google.android.apps.nexuslauncher) FinalizerDaemon identical 2 lines
07-06 18:00:05.489  1086  1105 W System  : A resource failed to call release.
07-06 18:00:05.489  7388  7411 D IdlingRegistry: Unregistering idling resources: [androidx.compose.ui.test.junit4.EspressoLink@4590afa]
07-06 18:00:05.489  1086  1105 W System  : A resource failed to call release.
07-06 18:00:05.489  1086  1105 W System  : A resource failed to call release.
07-06 18:00:05.489  7388  7411 I TestRunner: finished: testNewsButtonWithTextIsDisplayed(com.nnaroju.newsapp.presentation.common.ButtonKtTest)
